---
http_interactions:
- request:
    method: get
    uri: https://ridb.recreation.gov/api/v1/recareas?activity%5B%5D=Biking&full=true&latitude=39.71854302040816&limit=10&longitude=-104.95596330612246&radius=10
    body:
      encoding: US-ASCII
      string: ''
    headers:
      Apikey:
      - apiKey
      User-Agent:
      - Faraday v2.2.0
      Accept-Encoding:
      - gzip;q=1.0,deflate;q=0.6,identity;q=0.3
      Accept:
      - "*/*"
  response:
    status:
      code: 200
      message: OK
    headers:
      Content-Type:
      - application/json
      Transfer-Encoding:
      - chunked
      Connection:
      - keep-alive
      Server:
      - Server
      Date:
      - Thu, 03 Mar 2022 16:50:20 GMT
      X-Amz-Apigw-Id:
      - Oaq3wF8OPHcFlQw=
      X-Amzn-Trace-Id:
      - Root=1-6220f1cb-4c4de5d1b4d7853464521da2;Sampled=0
      Strict-Transport-Security:
      - max-age=31536000; includeSubdomains; always
      Access-Control-Allow-Methods:
      - "*"
      Access-Control-Allow-Origin:
      - "*"
      Cache-Control:
      - max_age=600,public,stale-if-error=3600
      X-Content-Type-Options:
      - nosniff
      X-Frame-Options:
      - SAMEORIGIN
      X-Xss-Protection:
      - 1; mode=block
      Content-Security-Policy:
      - 'child-src ''self'' blob:; connect-src https://www.google-analytics.com https://siteintercept.qualtrics.com
        ''self''; default-src https://manage-cdn.recreation.gov https://manage.recreation.gov
        ''self''; font-src https://manage-cdn.recreation.gov https://manage.recreation.gov
        https://*.manage.recreation.gov https://use.fontawesome.com https://fonts.gstatic.com;
        frame-src https://tagmanager.google.com https://www.googletagmanager.com ''self''
        blob:; img-src https://cdn.recreation.gov https://manage-cdn.recreation.gov
        https://manage.recreation.gov https://*.manage.recreation.gov https://recreation.gov
        https://*.recreation.gov https://www.google-analytics.com ''self'' data:  blob:
        ; media-src https://www.nps.gov https://youtu.be https://www.youtube.com ''self'';
        object-src ''self'' blob: ; script-src https://ridb.recreation.gov https://manage-cdn.recreation.gov
        https://manage.recreation.gov https://*.manage.recreation.gov https://www.google.com/recaptcha/
        https://tagmanager.google.com https://www.googletagmanager.com https://www.google-analytics.com
        https://*.gstatic.com https://mapbox.com https://*.mapbox.com https://cdn.ravenjs.com
        https://recaptcha.net https://sentry.io https://siteintercept.qualtrics.com
        https://*.siteintercept.qualtrics.com ''unsafe-eval'' ''unsafe-inline''; style-src
        https://ridb.recreation.gov https://manage.recreation.gov https://*.manage.recreation.gov
        https://manage-cdn.recreation.gov https://use.fontawesome.com https://tagmanager.google.com
        https://fonts.googleapis.com https://*.mapbox.com https://mapbox.com ''unsafe-inline'';
        worker-src ''self'' blob: ;'
      X-Amzn-Requestid:
      - cc73cd92-2a68-4d8a-88f6-4bcfe06289bf
      Vary:
      - Accept-Encoding
      X-Cache:
      - Miss from cloudfront
      Via:
      - 1.1 30ea845097208edbc19305c535a5be98.cloudfront.net (CloudFront)
      X-Amz-Cf-Pop:
      - DEN52-C1
      X-Amz-Cf-Id:
      - 2V1nJtaHx77rkUKu16k8fTQ2Qs5MiEj1ouFUH_C1ctqBnVEf5C3O4g==
    body:
      encoding: ASCII-8BIT
      string: '{"RECDATA":[{"RecAreaID":"285","OrgRecAreaID":"285","ParentOrgID":"130","RecAreaName":"Cherry
        Creek Lake","RecAreaDescription":"Cherry Creek Dam, located at the southeast
        edge of Denver in Aurora, CO, was the first of the three dams to be built
        to protect the Denver region from catastrophic South Platte River floodwaters
        that plagued the area for more than 100 years.  Recreational opportunities
        include camping, fishing, picnicking, an archery/rifle range, a horse stable,
        nature and bike trails, a marina, and a swimming area.  The park is open year-round.","RecAreaFeeDescription":"","RecAreaDirections":"On
        the southeast fringe of Denver off I-225/Parker Road.","RecAreaPhone":"","RecAreaEmail":"","RecAreaReservationURL":"","RecAreaMapURL":"","GEOJSON":{"TYPE":"Point","COORDINATES":[-104.859446,39.649023]},"RecAreaLongitude":-104.859446,"RecAreaLatitude":39.649023,"StayLimit":"","Keywords":"","Reservable":false,"Enabled":true,"LastUpdatedDate":"2021-09-23","ORGANIZATION":[{"OrgID":"130","OrgName":"US
        Army Corps of Engineers","OrgImageURL":"uasce.gif","OrgURLText":"","OrgURLAddress":"http://www.usace.army.mil","OrgType":"Federal
        Agency","OrgAbbrevName":"USACE","OrgJurisdictionType":"State","OrgParentID":"162","LastUpdatedDate":"2018-06-26"}],"FACILITY":[{"FacilityID":"247881","FacilityName":"Cherry
        Creek State Park","ResourceLink":"https://ridb.recreation.gov/api/v1/facilities/247881"}],"RECAREAADDRESS":[{"RecAreaAddressID":"465510","RecAreaID":"285","RecAreaAddressType":"Default","RecAreaStreetAddress1":"9307
        S. Wadsworth Blvd","RecAreaStreetAddress2":"","RecAreaStreetAddress3":"","City":"Littleton","PostalCode":"80128-6901","AddressStateCode":"CO","AddressCountryCode":"USA","LastUpdatedDate":"2015-06-30"}],"ACTIVITY":[{"ActivityID":6,"ActivityParentID":"","RecAreaID":"285","ActivityName":"BOATING","RecAreaActivityDescription":"Boating","RecAreaActivityFeeDescription":""},{"ActivityID":9,"ActivityParentID":"","RecAreaID":"285","ActivityName":"CAMPING","RecAreaActivityDescription":"Camping","RecAreaActivityFeeDescription":""},{"ActivityID":11,"ActivityParentID":"","RecAreaID":"285","ActivityName":"FISHING","RecAreaActivityDescription":"Fishing","RecAreaActivityFeeDescription":""},{"ActivityID":20,"ActivityParentID":"","RecAreaID":"285","ActivityName":"PICNICKING","RecAreaActivityDescription":"Picnic","RecAreaActivityFeeDescription":""},{"ActivityID":25,"ActivityParentID":"","RecAreaID":"285","ActivityName":"WATER
        SPORTS","RecAreaActivityDescription":"Water Sports","RecAreaActivityFeeDescription":""},{"ActivityID":26,"ActivityParentID":"","RecAreaID":"285","ActivityName":"WILDLIFE
        VIEWING","RecAreaActivityDescription":"Wildlife Viewing","RecAreaActivityFeeDescription":""},{"ActivityID":37,"ActivityParentID":"","RecAreaID":"285","ActivityName":"PLAYGROUND
        PARK SPECIALIZED SPORT SITE","RecAreaActivityDescription":"Playground","RecAreaActivityFeeDescription":""},{"ActivityID":38,"ActivityParentID":"","RecAreaID":"285","ActivityName":"OTHER
        RECREATION CONCESSION SITE","RecAreaActivityDescription":"Restaurant/SnackBar","RecAreaActivityFeeDescription":""}],"EVENT":[],"LINK":[{"EntityLinkID":"11e4bb62a8bb5c60da8bb96ee9a55e75","LinkType":"Map","EntityID":"285","EntityType":"RecArea","Title":"Cherry
        Creek Lake Map","Description":"","URL":"http://www.parks.state.co.us/SiteCollectionImages/parks/Parks/Chatfield/ChatfieldAreaMap.pdf"},{"EntityLinkID":"0b42117592f947bd694dffcb565c7ec1","LinkType":"Official
        Web Site","EntityID":"285","EntityType":"RecArea","Title":"Cherry Creek Lake
        Website","Description":"","URL":"https://corpsLakes.erdc.dren.mil/visitors/projects.cfm?ID=G603070"},{"EntityLinkID":"33d60b9776ce7f39bcf8464feed32f17","LinkType":"Other","EntityID":"285","EntityType":"RecArea","Title":"Cherry
        Creek Lake Photo Album","Description":"","URL":"https://corpsLakes.erdc.dren.mil/visitors/album.cfm?Option=View\u0026Activity=None\u0026ID=G603070"}],"MEDIA":[{"EntityMediaID":"326051","MediaType":"Image","EntityID":"285","EntityType":"RecArea","Title":"","Subtitle":"","Description":"","EmbedCode":"","Height":295,"Width":480,"URL":"https://cdn.recreation.gov/public/images/2140.jpg","Credits":"","IsPrimary":false,"IsPreview":false,"IsGallery":true}]},{"RecAreaID":"1583","OrgRecAreaID":"","ParentOrgID":"127","RecAreaName":"Rocky
        Mountain Arsenal National Wildlife Refuge","RecAreaDescription":"Rocky Mountain
        Arsenal National Wildlife Refuge (NWR), located 10 minutes from downtown Denver,
        is nearly 17,000 acres, making it one of the largest urban wildlife refuges
        in the United States. It consists of open lakes, wetlands, prairie grasslands,
        and woodlands. \n\n\n\n\n\nDue to its proximity to Denver, one of the Refuge''s
        primary goals is to provide environmental education programs for urban school
        children. Each year, thousands of visitors come to the Refuge to appreciate
        its wildlife, view the scenic habitat, and learn about native prairie species.
        The Arsenal has been called \"a significant habitat island for wildlife\"
        and \"a place to renew the relationship with nature.\" Popular activities
        include interpretative programs, environmental education, fishing, wildlife
        observation, and photography.","RecAreaFeeDescription":"","RecAreaDirections":"Rocky
        Mountain Arsenal NWR is 10 minutes from downtown Denver and 30 minutes from
        the Rocky Mountain foothills.  It is located in Commerce City, Colorado, a
        Denver suburb located in Adams County.  To get to Rocky Mountain Arsenal NWR
        from downtown Denver, take I-25 north to I-70 east.  Exit at Havana Street
        and head north.  Enter through the South Gate located at 56th Avenue and Havana
        Street.  From Denver International Airport, take Pena Boulevard south to 56th
        Avenue heading west.  Turn north on Havana Street and enter through the South
        Gate.","RecAreaPhone":"303-289-0232","RecAreaEmail":"rockymountainarsenal@fws.gov","RecAreaReservationURL":"","RecAreaMapURL":"","GEOJSON":{"TYPE":"Point","COORDINATES":[-104.847,39.8345]},"RecAreaLongitude":-104.847,"RecAreaLatitude":39.8345,"StayLimit":"","Keywords":"","Reservable":false,"Enabled":true,"LastUpdatedDate":"2020-12-09","ORGANIZATION":[{"OrgID":"127","OrgName":"Fish
        and Wildlife Service","OrgImageURL":"fws.gif","OrgURLText":"","OrgURLAddress":"http://www.fws.gov","OrgType":"Federal
        Agency","OrgAbbrevName":"FWS","OrgJurisdictionType":"State","OrgParentID":"139","LastUpdatedDate":"2018-06-26"}],"FACILITY":[],"RECAREAADDRESS":[{"RecAreaAddressID":"2156","RecAreaID":"1583","RecAreaAddressType":"Default","RecAreaStreetAddress1":"7200
        Quebec Street Bldg 121","RecAreaStreetAddress2":"","RecAreaStreetAddress3":"","City":"Commerce
        City","PostalCode":"80022","AddressStateCode":"CO","AddressCountryCode":"USA","LastUpdatedDate":"2007-03-06"}],"ACTIVITY":[{"ActivityID":8,"ActivityParentID":"","RecAreaID":"1583","ActivityName":"HISTORIC
        \u0026 CULTURAL SITE","RecAreaActivityDescription":"","RecAreaActivityFeeDescription":""},{"ActivityID":10,"ActivityParentID":"","RecAreaID":"1583","ActivityName":"INTERPRETIVE
        PROGRAMS","RecAreaActivityDescription":"","RecAreaActivityFeeDescription":""},{"ActivityID":11,"ActivityParentID":"","RecAreaID":"1583","ActivityName":"FISHING","RecAreaActivityDescription":"","RecAreaActivityFeeDescription":""},{"ActivityID":14,"ActivityParentID":"","RecAreaID":"1583","ActivityName":"HIKING","RecAreaActivityDescription":"","RecAreaActivityFeeDescription":""},{"ActivityID":24,"ActivityParentID":"","RecAreaID":"1583","ActivityName":"VISITOR
        CENTER","RecAreaActivityDescription":"","RecAreaActivityFeeDescription":""},{"ActivityID":26,"ActivityParentID":"","RecAreaID":"1583","ActivityName":"WILDLIFE
        VIEWING","RecAreaActivityDescription":"","RecAreaActivityFeeDescription":""}],"EVENT":[],"LINK":[{"EntityLinkID":"9611d31747205cc50999c68c5a1bdab8","LinkType":"Official
        Web Site","EntityID":"1583","EntityType":"RecArea","Title":"","Description":"","URL":"http://rockymountainarsenal.fws.gov"}],"MEDIA":[{"EntityMediaID":"77f71eef-2c74-46e6-960f-3e2993cc8e4f","MediaType":"Image","EntityID":"1583","EntityType":"RecArea","Title":"Rocky
        Mountain Arsenal National Wildlife Refuge","Subtitle":"","Description":"Rocky
        Mountain Arsenal National Wildlife Refuge","EmbedCode":"","Height":340,"Width":1440,"URL":"https://cdn.recreation.gov/public/2018/09/14/09/56/1583_0f866aa1-4aff-4568-9292-25f29db7d712_1440.jpg","Credits":"John
        Carr - USFWS","IsPrimary":true,"IsPreview":false,"IsGallery":false},{"EntityMediaID":"5a633a2e-8fbd-4d5b-91d4-678958660258","MediaType":"Image","EntityID":"1583","EntityType":"RecArea","Title":"Rocky
        Mountain Arsenal National Wildlife Refuge","Subtitle":"","Description":"Rocky
        Mountain Arsenal National Wildlife Refuge","EmbedCode":"","Height":525,"Width":700,"URL":"https://cdn.recreation.gov/public/2018/09/14/09/56/1583_460f1766-888d-4eea-9082-8e3d99c26b2e_700.jpg","Credits":"John
        Carr - USFWS","IsPrimary":false,"IsPreview":true,"IsGallery":false}]}],"METADATA":{"RESULTS":{"CURRENT_COUNT":2,"TOTAL_COUNT":2},"SEARCH_PARAMETERS":{"QUERY":"","LIMIT":10,"OFFSET":0}}}'
  recorded_at: Thu, 03 Mar 2022 16:50:20 GMT
- request:
    method: get
    uri: https://ridb.recreation.gov/api/v1/recareas?activity%5B%5D=Biking&full=true&latitude=39.71854302040816&limit=10&longitude=-104.95596330612246&radius=10
    body:
      encoding: US-ASCII
      string: ''
    headers:
      Apikey:
      - apiKey
      User-Agent:
      - Faraday v2.2.0
      Accept-Encoding:
      - gzip;q=1.0,deflate;q=0.6,identity;q=0.3
      Accept:
      - "*/*"
  response:
    status:
      code: 200
      message: OK
    headers:
      Content-Type:
      - application/json
      Transfer-Encoding:
      - chunked
      Connection:
      - keep-alive
      Server:
      - Server
      Date:
      - Thu, 03 Mar 2022 16:50:21 GMT
      X-Amz-Apigw-Id:
      - Oaq3_HRFvHcF6-Q=
      X-Amzn-Trace-Id:
      - Root=1-6220f1cc-7737e300f194a472b79602f4;Sampled=0
      Strict-Transport-Security:
      - max-age=31536000; includeSubdomains; always
      Access-Control-Allow-Methods:
      - "*"
      Access-Control-Allow-Origin:
      - "*"
      Cache-Control:
      - max_age=600,public,stale-if-error=3600
      X-Content-Type-Options:
      - nosniff
      X-Frame-Options:
      - SAMEORIGIN
      X-Xss-Protection:
      - 1; mode=block
      Content-Security-Policy:
      - 'child-src ''self'' blob:; connect-src https://www.google-analytics.com https://siteintercept.qualtrics.com
        ''self''; default-src https://manage-cdn.recreation.gov https://manage.recreation.gov
        ''self''; font-src https://manage-cdn.recreation.gov https://manage.recreation.gov
        https://*.manage.recreation.gov https://use.fontawesome.com https://fonts.gstatic.com;
        frame-src https://tagmanager.google.com https://www.googletagmanager.com ''self''
        blob:; img-src https://cdn.recreation.gov https://manage-cdn.recreation.gov
        https://manage.recreation.gov https://*.manage.recreation.gov https://recreation.gov
        https://*.recreation.gov https://www.google-analytics.com ''self'' data:  blob:
        ; media-src https://www.nps.gov https://youtu.be https://www.youtube.com ''self'';
        object-src ''self'' blob: ; script-src https://ridb.recreation.gov https://manage-cdn.recreation.gov
        https://manage.recreation.gov https://*.manage.recreation.gov https://www.google.com/recaptcha/
        https://tagmanager.google.com https://www.googletagmanager.com https://www.google-analytics.com
        https://*.gstatic.com https://mapbox.com https://*.mapbox.com https://cdn.ravenjs.com
        https://recaptcha.net https://sentry.io https://siteintercept.qualtrics.com
        https://*.siteintercept.qualtrics.com ''unsafe-eval'' ''unsafe-inline''; style-src
        https://ridb.recreation.gov https://manage.recreation.gov https://*.manage.recreation.gov
        https://manage-cdn.recreation.gov https://use.fontawesome.com https://tagmanager.google.com
        https://fonts.googleapis.com https://*.mapbox.com https://mapbox.com ''unsafe-inline'';
        worker-src ''self'' blob: ;'
      X-Amzn-Requestid:
      - 7005100c-5be9-4164-9f6d-6ff821c72a24
      Vary:
      - Accept-Encoding
      X-Cache:
      - Miss from cloudfront
      Via:
      - 1.1 0fdea8d3b1fc76e3ff9d36e8164171e8.cloudfront.net (CloudFront)
      X-Amz-Cf-Pop:
      - DEN52-C1
      X-Amz-Cf-Id:
      - gOupdYnrNNpBscMZF-_ilrrZumB064p9FUuYnfdjL9DTwUbBovuE2w==
    body:
      encoding: ASCII-8BIT
      string: '{"RECDATA":[{"RecAreaID":"285","OrgRecAreaID":"285","ParentOrgID":"130","RecAreaName":"Cherry
        Creek Lake","RecAreaDescription":"Cherry Creek Dam, located at the southeast
        edge of Denver in Aurora, CO, was the first of the three dams to be built
        to protect the Denver region from catastrophic South Platte River floodwaters
        that plagued the area for more than 100 years.  Recreational opportunities
        include camping, fishing, picnicking, an archery/rifle range, a horse stable,
        nature and bike trails, a marina, and a swimming area.  The park is open year-round.","RecAreaFeeDescription":"","RecAreaDirections":"On
        the southeast fringe of Denver off I-225/Parker Road.","RecAreaPhone":"","RecAreaEmail":"","RecAreaReservationURL":"","RecAreaMapURL":"","GEOJSON":{"TYPE":"Point","COORDINATES":[-104.859446,39.649023]},"RecAreaLongitude":-104.859446,"RecAreaLatitude":39.649023,"StayLimit":"","Keywords":"","Reservable":false,"Enabled":true,"LastUpdatedDate":"2021-09-23","ORGANIZATION":[{"OrgID":"130","OrgName":"US
        Army Corps of Engineers","OrgImageURL":"uasce.gif","OrgURLText":"","OrgURLAddress":"http://www.usace.army.mil","OrgType":"Federal
        Agency","OrgAbbrevName":"USACE","OrgJurisdictionType":"State","OrgParentID":"162","LastUpdatedDate":"2018-06-26"}],"FACILITY":[{"FacilityID":"247881","FacilityName":"Cherry
        Creek State Park","ResourceLink":"https://ridb.recreation.gov/api/v1/facilities/247881"}],"RECAREAADDRESS":[{"RecAreaAddressID":"465510","RecAreaID":"285","RecAreaAddressType":"Default","RecAreaStreetAddress1":"9307
        S. Wadsworth Blvd","RecAreaStreetAddress2":"","RecAreaStreetAddress3":"","City":"Littleton","PostalCode":"80128-6901","AddressStateCode":"CO","AddressCountryCode":"USA","LastUpdatedDate":"2015-06-30"}],"ACTIVITY":[{"ActivityID":6,"ActivityParentID":"","RecAreaID":"285","ActivityName":"BOATING","RecAreaActivityDescription":"Boating","RecAreaActivityFeeDescription":""},{"ActivityID":9,"ActivityParentID":"","RecAreaID":"285","ActivityName":"CAMPING","RecAreaActivityDescription":"Camping","RecAreaActivityFeeDescription":""},{"ActivityID":11,"ActivityParentID":"","RecAreaID":"285","ActivityName":"FISHING","RecAreaActivityDescription":"Fishing","RecAreaActivityFeeDescription":""},{"ActivityID":20,"ActivityParentID":"","RecAreaID":"285","ActivityName":"PICNICKING","RecAreaActivityDescription":"Picnic","RecAreaActivityFeeDescription":""},{"ActivityID":25,"ActivityParentID":"","RecAreaID":"285","ActivityName":"WATER
        SPORTS","RecAreaActivityDescription":"Water Sports","RecAreaActivityFeeDescription":""},{"ActivityID":26,"ActivityParentID":"","RecAreaID":"285","ActivityName":"WILDLIFE
        VIEWING","RecAreaActivityDescription":"Wildlife Viewing","RecAreaActivityFeeDescription":""},{"ActivityID":37,"ActivityParentID":"","RecAreaID":"285","ActivityName":"PLAYGROUND
        PARK SPECIALIZED SPORT SITE","RecAreaActivityDescription":"Playground","RecAreaActivityFeeDescription":""},{"ActivityID":38,"ActivityParentID":"","RecAreaID":"285","ActivityName":"OTHER
        RECREATION CONCESSION SITE","RecAreaActivityDescription":"Restaurant/SnackBar","RecAreaActivityFeeDescription":""}],"EVENT":[],"LINK":[{"EntityLinkID":"11e4bb62a8bb5c60da8bb96ee9a55e75","LinkType":"Map","EntityID":"285","EntityType":"RecArea","Title":"Cherry
        Creek Lake Map","Description":"","URL":"http://www.parks.state.co.us/SiteCollectionImages/parks/Parks/Chatfield/ChatfieldAreaMap.pdf"},{"EntityLinkID":"0b42117592f947bd694dffcb565c7ec1","LinkType":"Official
        Web Site","EntityID":"285","EntityType":"RecArea","Title":"Cherry Creek Lake
        Website","Description":"","URL":"https://corpsLakes.erdc.dren.mil/visitors/projects.cfm?ID=G603070"},{"EntityLinkID":"33d60b9776ce7f39bcf8464feed32f17","LinkType":"Other","EntityID":"285","EntityType":"RecArea","Title":"Cherry
        Creek Lake Photo Album","Description":"","URL":"https://corpsLakes.erdc.dren.mil/visitors/album.cfm?Option=View\u0026Activity=None\u0026ID=G603070"}],"MEDIA":[{"EntityMediaID":"326051","MediaType":"Image","EntityID":"285","EntityType":"RecArea","Title":"","Subtitle":"","Description":"","EmbedCode":"","Height":295,"Width":480,"URL":"https://cdn.recreation.gov/public/images/2140.jpg","Credits":"","IsPrimary":false,"IsPreview":false,"IsGallery":true}]},{"RecAreaID":"1583","OrgRecAreaID":"","ParentOrgID":"127","RecAreaName":"Rocky
        Mountain Arsenal National Wildlife Refuge","RecAreaDescription":"Rocky Mountain
        Arsenal National Wildlife Refuge (NWR), located 10 minutes from downtown Denver,
        is nearly 17,000 acres, making it one of the largest urban wildlife refuges
        in the United States. It consists of open lakes, wetlands, prairie grasslands,
        and woodlands. \n\n\n\n\n\nDue to its proximity to Denver, one of the Refuge''s
        primary goals is to provide environmental education programs for urban school
        children. Each year, thousands of visitors come to the Refuge to appreciate
        its wildlife, view the scenic habitat, and learn about native prairie species.
        The Arsenal has been called \"a significant habitat island for wildlife\"
        and \"a place to renew the relationship with nature.\" Popular activities
        include interpretative programs, environmental education, fishing, wildlife
        observation, and photography.","RecAreaFeeDescription":"","RecAreaDirections":"Rocky
        Mountain Arsenal NWR is 10 minutes from downtown Denver and 30 minutes from
        the Rocky Mountain foothills.  It is located in Commerce City, Colorado, a
        Denver suburb located in Adams County.  To get to Rocky Mountain Arsenal NWR
        from downtown Denver, take I-25 north to I-70 east.  Exit at Havana Street
        and head north.  Enter through the South Gate located at 56th Avenue and Havana
        Street.  From Denver International Airport, take Pena Boulevard south to 56th
        Avenue heading west.  Turn north on Havana Street and enter through the South
        Gate.","RecAreaPhone":"303-289-0232","RecAreaEmail":"rockymountainarsenal@fws.gov","RecAreaReservationURL":"","RecAreaMapURL":"","GEOJSON":{"TYPE":"Point","COORDINATES":[-104.847,39.8345]},"RecAreaLongitude":-104.847,"RecAreaLatitude":39.8345,"StayLimit":"","Keywords":"","Reservable":false,"Enabled":true,"LastUpdatedDate":"2020-12-09","ORGANIZATION":[{"OrgID":"127","OrgName":"Fish
        and Wildlife Service","OrgImageURL":"fws.gif","OrgURLText":"","OrgURLAddress":"http://www.fws.gov","OrgType":"Federal
        Agency","OrgAbbrevName":"FWS","OrgJurisdictionType":"State","OrgParentID":"139","LastUpdatedDate":"2018-06-26"}],"FACILITY":[],"RECAREAADDRESS":[{"RecAreaAddressID":"2156","RecAreaID":"1583","RecAreaAddressType":"Default","RecAreaStreetAddress1":"7200
        Quebec Street Bldg 121","RecAreaStreetAddress2":"","RecAreaStreetAddress3":"","City":"Commerce
        City","PostalCode":"80022","AddressStateCode":"CO","AddressCountryCode":"USA","LastUpdatedDate":"2007-03-06"}],"ACTIVITY":[{"ActivityID":8,"ActivityParentID":"","RecAreaID":"1583","ActivityName":"HISTORIC
        \u0026 CULTURAL SITE","RecAreaActivityDescription":"","RecAreaActivityFeeDescription":""},{"ActivityID":10,"ActivityParentID":"","RecAreaID":"1583","ActivityName":"INTERPRETIVE
        PROGRAMS","RecAreaActivityDescription":"","RecAreaActivityFeeDescription":""},{"ActivityID":11,"ActivityParentID":"","RecAreaID":"1583","ActivityName":"FISHING","RecAreaActivityDescription":"","RecAreaActivityFeeDescription":""},{"ActivityID":14,"ActivityParentID":"","RecAreaID":"1583","ActivityName":"HIKING","RecAreaActivityDescription":"","RecAreaActivityFeeDescription":""},{"ActivityID":24,"ActivityParentID":"","RecAreaID":"1583","ActivityName":"VISITOR
        CENTER","RecAreaActivityDescription":"","RecAreaActivityFeeDescription":""},{"ActivityID":26,"ActivityParentID":"","RecAreaID":"1583","ActivityName":"WILDLIFE
        VIEWING","RecAreaActivityDescription":"","RecAreaActivityFeeDescription":""}],"EVENT":[],"LINK":[{"EntityLinkID":"9611d31747205cc50999c68c5a1bdab8","LinkType":"Official
        Web Site","EntityID":"1583","EntityType":"RecArea","Title":"","Description":"","URL":"http://rockymountainarsenal.fws.gov"}],"MEDIA":[{"EntityMediaID":"77f71eef-2c74-46e6-960f-3e2993cc8e4f","MediaType":"Image","EntityID":"1583","EntityType":"RecArea","Title":"Rocky
        Mountain Arsenal National Wildlife Refuge","Subtitle":"","Description":"Rocky
        Mountain Arsenal National Wildlife Refuge","EmbedCode":"","Height":340,"Width":1440,"URL":"https://cdn.recreation.gov/public/2018/09/14/09/56/1583_0f866aa1-4aff-4568-9292-25f29db7d712_1440.jpg","Credits":"John
        Carr - USFWS","IsPrimary":true,"IsPreview":false,"IsGallery":false},{"EntityMediaID":"5a633a2e-8fbd-4d5b-91d4-678958660258","MediaType":"Image","EntityID":"1583","EntityType":"RecArea","Title":"Rocky
        Mountain Arsenal National Wildlife Refuge","Subtitle":"","Description":"Rocky
        Mountain Arsenal National Wildlife Refuge","EmbedCode":"","Height":525,"Width":700,"URL":"https://cdn.recreation.gov/public/2018/09/14/09/56/1583_460f1766-888d-4eea-9082-8e3d99c26b2e_700.jpg","Credits":"John
        Carr - USFWS","IsPrimary":false,"IsPreview":true,"IsGallery":false}]}],"METADATA":{"RESULTS":{"CURRENT_COUNT":2,"TOTAL_COUNT":2},"SEARCH_PARAMETERS":{"QUERY":"","LIMIT":10,"OFFSET":0}}}'
  recorded_at: Thu, 03 Mar 2022 16:50:21 GMT
- request:
    method: get
    uri: https://ridb.recreation.gov/api/v1/recareas?activity%5B%5D=Biking&full=true&latitude=39.71854302040816&limit=10&longitude=-104.95596330612246&radius=10
    body:
      encoding: US-ASCII
      string: ''
    headers:
      Apikey:
      - apiKey
      User-Agent:
      - Faraday v2.2.0
      Accept-Encoding:
      - gzip;q=1.0,deflate;q=0.6,identity;q=0.3
      Accept:
      - "*/*"
  response:
    status:
      code: 200
      message: OK
    headers:
      Content-Type:
      - application/json
      Transfer-Encoding:
      - chunked
      Connection:
      - keep-alive
      Server:
      - Server
      Date:
      - Thu, 03 Mar 2022 16:50:23 GMT
      X-Amz-Apigw-Id:
      - Oaq4MEGSvHcFU2Q=
      X-Amzn-Trace-Id:
      - Root=1-6220f1cd-281545643a4c28f4d0919538;Sampled=0
      Strict-Transport-Security:
      - max-age=31536000; includeSubdomains; always
      Access-Control-Allow-Methods:
      - "*"
      Access-Control-Allow-Origin:
      - "*"
      Cache-Control:
      - max_age=600,public,stale-if-error=3600
      X-Content-Type-Options:
      - nosniff
      X-Frame-Options:
      - SAMEORIGIN
      X-Xss-Protection:
      - 1; mode=block
      Content-Security-Policy:
      - 'child-src ''self'' blob:; connect-src https://www.google-analytics.com https://siteintercept.qualtrics.com
        ''self''; default-src https://manage-cdn.recreation.gov https://manage.recreation.gov
        ''self''; font-src https://manage-cdn.recreation.gov https://manage.recreation.gov
        https://*.manage.recreation.gov https://use.fontawesome.com https://fonts.gstatic.com;
        frame-src https://tagmanager.google.com https://www.googletagmanager.com ''self''
        blob:; img-src https://cdn.recreation.gov https://manage-cdn.recreation.gov
        https://manage.recreation.gov https://*.manage.recreation.gov https://recreation.gov
        https://*.recreation.gov https://www.google-analytics.com ''self'' data:  blob:
        ; media-src https://www.nps.gov https://youtu.be https://www.youtube.com ''self'';
        object-src ''self'' blob: ; script-src https://ridb.recreation.gov https://manage-cdn.recreation.gov
        https://manage.recreation.gov https://*.manage.recreation.gov https://www.google.com/recaptcha/
        https://tagmanager.google.com https://www.googletagmanager.com https://www.google-analytics.com
        https://*.gstatic.com https://mapbox.com https://*.mapbox.com https://cdn.ravenjs.com
        https://recaptcha.net https://sentry.io https://siteintercept.qualtrics.com
        https://*.siteintercept.qualtrics.com ''unsafe-eval'' ''unsafe-inline''; style-src
        https://ridb.recreation.gov https://manage.recreation.gov https://*.manage.recreation.gov
        https://manage-cdn.recreation.gov https://use.fontawesome.com https://tagmanager.google.com
        https://fonts.googleapis.com https://*.mapbox.com https://mapbox.com ''unsafe-inline'';
        worker-src ''self'' blob: ;'
      X-Amzn-Requestid:
      - 5136895d-0183-4dd1-a505-d4011fdf089c
      Vary:
      - Accept-Encoding
      X-Cache:
      - Miss from cloudfront
      Via:
      - 1.1 be1936c1908faca6448a305dec94dc72.cloudfront.net (CloudFront)
      X-Amz-Cf-Pop:
      - DEN52-C1
      X-Amz-Cf-Id:
      - p8EpOeBg0CzQDbsRey04KRe0JADUMHfJyWz2oj9J9rDo3iJF0Ie-GA==
    body:
      encoding: ASCII-8BIT
      string: '{"RECDATA":[{"RecAreaID":"285","OrgRecAreaID":"285","ParentOrgID":"130","RecAreaName":"Cherry
        Creek Lake","RecAreaDescription":"Cherry Creek Dam, located at the southeast
        edge of Denver in Aurora, CO, was the first of the three dams to be built
        to protect the Denver region from catastrophic South Platte River floodwaters
        that plagued the area for more than 100 years.  Recreational opportunities
        include camping, fishing, picnicking, an archery/rifle range, a horse stable,
        nature and bike trails, a marina, and a swimming area.  The park is open year-round.","RecAreaFeeDescription":"","RecAreaDirections":"On
        the southeast fringe of Denver off I-225/Parker Road.","RecAreaPhone":"","RecAreaEmail":"","RecAreaReservationURL":"","RecAreaMapURL":"","GEOJSON":{"TYPE":"Point","COORDINATES":[-104.859446,39.649023]},"RecAreaLongitude":-104.859446,"RecAreaLatitude":39.649023,"StayLimit":"","Keywords":"","Reservable":false,"Enabled":true,"LastUpdatedDate":"2021-09-23","ORGANIZATION":[{"OrgID":"130","OrgName":"US
        Army Corps of Engineers","OrgImageURL":"uasce.gif","OrgURLText":"","OrgURLAddress":"http://www.usace.army.mil","OrgType":"Federal
        Agency","OrgAbbrevName":"USACE","OrgJurisdictionType":"State","OrgParentID":"162","LastUpdatedDate":"2018-06-26"}],"FACILITY":[{"FacilityID":"247881","FacilityName":"Cherry
        Creek State Park","ResourceLink":"https://ridb.recreation.gov/api/v1/facilities/247881"}],"RECAREAADDRESS":[{"RecAreaAddressID":"465510","RecAreaID":"285","RecAreaAddressType":"Default","RecAreaStreetAddress1":"9307
        S. Wadsworth Blvd","RecAreaStreetAddress2":"","RecAreaStreetAddress3":"","City":"Littleton","PostalCode":"80128-6901","AddressStateCode":"CO","AddressCountryCode":"USA","LastUpdatedDate":"2015-06-30"}],"ACTIVITY":[{"ActivityID":6,"ActivityParentID":"","RecAreaID":"285","ActivityName":"BOATING","RecAreaActivityDescription":"Boating","RecAreaActivityFeeDescription":""},{"ActivityID":9,"ActivityParentID":"","RecAreaID":"285","ActivityName":"CAMPING","RecAreaActivityDescription":"Camping","RecAreaActivityFeeDescription":""},{"ActivityID":11,"ActivityParentID":"","RecAreaID":"285","ActivityName":"FISHING","RecAreaActivityDescription":"Fishing","RecAreaActivityFeeDescription":""},{"ActivityID":20,"ActivityParentID":"","RecAreaID":"285","ActivityName":"PICNICKING","RecAreaActivityDescription":"Picnic","RecAreaActivityFeeDescription":""},{"ActivityID":25,"ActivityParentID":"","RecAreaID":"285","ActivityName":"WATER
        SPORTS","RecAreaActivityDescription":"Water Sports","RecAreaActivityFeeDescription":""},{"ActivityID":26,"ActivityParentID":"","RecAreaID":"285","ActivityName":"WILDLIFE
        VIEWING","RecAreaActivityDescription":"Wildlife Viewing","RecAreaActivityFeeDescription":""},{"ActivityID":37,"ActivityParentID":"","RecAreaID":"285","ActivityName":"PLAYGROUND
        PARK SPECIALIZED SPORT SITE","RecAreaActivityDescription":"Playground","RecAreaActivityFeeDescription":""},{"ActivityID":38,"ActivityParentID":"","RecAreaID":"285","ActivityName":"OTHER
        RECREATION CONCESSION SITE","RecAreaActivityDescription":"Restaurant/SnackBar","RecAreaActivityFeeDescription":""}],"EVENT":[],"LINK":[{"EntityLinkID":"11e4bb62a8bb5c60da8bb96ee9a55e75","LinkType":"Map","EntityID":"285","EntityType":"RecArea","Title":"Cherry
        Creek Lake Map","Description":"","URL":"http://www.parks.state.co.us/SiteCollectionImages/parks/Parks/Chatfield/ChatfieldAreaMap.pdf"},{"EntityLinkID":"0b42117592f947bd694dffcb565c7ec1","LinkType":"Official
        Web Site","EntityID":"285","EntityType":"RecArea","Title":"Cherry Creek Lake
        Website","Description":"","URL":"https://corpsLakes.erdc.dren.mil/visitors/projects.cfm?ID=G603070"},{"EntityLinkID":"33d60b9776ce7f39bcf8464feed32f17","LinkType":"Other","EntityID":"285","EntityType":"RecArea","Title":"Cherry
        Creek Lake Photo Album","Description":"","URL":"https://corpsLakes.erdc.dren.mil/visitors/album.cfm?Option=View\u0026Activity=None\u0026ID=G603070"}],"MEDIA":[{"EntityMediaID":"326051","MediaType":"Image","EntityID":"285","EntityType":"RecArea","Title":"","Subtitle":"","Description":"","EmbedCode":"","Height":295,"Width":480,"URL":"https://cdn.recreation.gov/public/images/2140.jpg","Credits":"","IsPrimary":false,"IsPreview":false,"IsGallery":true}]},{"RecAreaID":"1583","OrgRecAreaID":"","ParentOrgID":"127","RecAreaName":"Rocky
        Mountain Arsenal National Wildlife Refuge","RecAreaDescription":"Rocky Mountain
        Arsenal National Wildlife Refuge (NWR), located 10 minutes from downtown Denver,
        is nearly 17,000 acres, making it one of the largest urban wildlife refuges
        in the United States. It consists of open lakes, wetlands, prairie grasslands,
        and woodlands. \n\n\n\n\n\nDue to its proximity to Denver, one of the Refuge''s
        primary goals is to provide environmental education programs for urban school
        children. Each year, thousands of visitors come to the Refuge to appreciate
        its wildlife, view the scenic habitat, and learn about native prairie species.
        The Arsenal has been called \"a significant habitat island for wildlife\"
        and \"a place to renew the relationship with nature.\" Popular activities
        include interpretative programs, environmental education, fishing, wildlife
        observation, and photography.","RecAreaFeeDescription":"","RecAreaDirections":"Rocky
        Mountain Arsenal NWR is 10 minutes from downtown Denver and 30 minutes from
        the Rocky Mountain foothills.  It is located in Commerce City, Colorado, a
        Denver suburb located in Adams County.  To get to Rocky Mountain Arsenal NWR
        from downtown Denver, take I-25 north to I-70 east.  Exit at Havana Street
        and head north.  Enter through the South Gate located at 56th Avenue and Havana
        Street.  From Denver International Airport, take Pena Boulevard south to 56th
        Avenue heading west.  Turn north on Havana Street and enter through the South
        Gate.","RecAreaPhone":"303-289-0232","RecAreaEmail":"rockymountainarsenal@fws.gov","RecAreaReservationURL":"","RecAreaMapURL":"","GEOJSON":{"TYPE":"Point","COORDINATES":[-104.847,39.8345]},"RecAreaLongitude":-104.847,"RecAreaLatitude":39.8345,"StayLimit":"","Keywords":"","Reservable":false,"Enabled":true,"LastUpdatedDate":"2020-12-09","ORGANIZATION":[{"OrgID":"127","OrgName":"Fish
        and Wildlife Service","OrgImageURL":"fws.gif","OrgURLText":"","OrgURLAddress":"http://www.fws.gov","OrgType":"Federal
        Agency","OrgAbbrevName":"FWS","OrgJurisdictionType":"State","OrgParentID":"139","LastUpdatedDate":"2018-06-26"}],"FACILITY":[],"RECAREAADDRESS":[{"RecAreaAddressID":"2156","RecAreaID":"1583","RecAreaAddressType":"Default","RecAreaStreetAddress1":"7200
        Quebec Street Bldg 121","RecAreaStreetAddress2":"","RecAreaStreetAddress3":"","City":"Commerce
        City","PostalCode":"80022","AddressStateCode":"CO","AddressCountryCode":"USA","LastUpdatedDate":"2007-03-06"}],"ACTIVITY":[{"ActivityID":8,"ActivityParentID":"","RecAreaID":"1583","ActivityName":"HISTORIC
        \u0026 CULTURAL SITE","RecAreaActivityDescription":"","RecAreaActivityFeeDescription":""},{"ActivityID":10,"ActivityParentID":"","RecAreaID":"1583","ActivityName":"INTERPRETIVE
        PROGRAMS","RecAreaActivityDescription":"","RecAreaActivityFeeDescription":""},{"ActivityID":11,"ActivityParentID":"","RecAreaID":"1583","ActivityName":"FISHING","RecAreaActivityDescription":"","RecAreaActivityFeeDescription":""},{"ActivityID":14,"ActivityParentID":"","RecAreaID":"1583","ActivityName":"HIKING","RecAreaActivityDescription":"","RecAreaActivityFeeDescription":""},{"ActivityID":24,"ActivityParentID":"","RecAreaID":"1583","ActivityName":"VISITOR
        CENTER","RecAreaActivityDescription":"","RecAreaActivityFeeDescription":""},{"ActivityID":26,"ActivityParentID":"","RecAreaID":"1583","ActivityName":"WILDLIFE
        VIEWING","RecAreaActivityDescription":"","RecAreaActivityFeeDescription":""}],"EVENT":[],"LINK":[{"EntityLinkID":"9611d31747205cc50999c68c5a1bdab8","LinkType":"Official
        Web Site","EntityID":"1583","EntityType":"RecArea","Title":"","Description":"","URL":"http://rockymountainarsenal.fws.gov"}],"MEDIA":[{"EntityMediaID":"77f71eef-2c74-46e6-960f-3e2993cc8e4f","MediaType":"Image","EntityID":"1583","EntityType":"RecArea","Title":"Rocky
        Mountain Arsenal National Wildlife Refuge","Subtitle":"","Description":"Rocky
        Mountain Arsenal National Wildlife Refuge","EmbedCode":"","Height":340,"Width":1440,"URL":"https://cdn.recreation.gov/public/2018/09/14/09/56/1583_0f866aa1-4aff-4568-9292-25f29db7d712_1440.jpg","Credits":"John
        Carr - USFWS","IsPrimary":true,"IsPreview":false,"IsGallery":false},{"EntityMediaID":"5a633a2e-8fbd-4d5b-91d4-678958660258","MediaType":"Image","EntityID":"1583","EntityType":"RecArea","Title":"Rocky
        Mountain Arsenal National Wildlife Refuge","Subtitle":"","Description":"Rocky
        Mountain Arsenal National Wildlife Refuge","EmbedCode":"","Height":525,"Width":700,"URL":"https://cdn.recreation.gov/public/2018/09/14/09/56/1583_460f1766-888d-4eea-9082-8e3d99c26b2e_700.jpg","Credits":"John
        Carr - USFWS","IsPrimary":false,"IsPreview":true,"IsGallery":false}]}],"METADATA":{"RESULTS":{"CURRENT_COUNT":2,"TOTAL_COUNT":2},"SEARCH_PARAMETERS":{"QUERY":"","LIMIT":10,"OFFSET":0}}}'
  recorded_at: Thu, 03 Mar 2022 16:50:23 GMT
- request:
    method: get
    uri: https://ridb.recreation.gov/api/v1/recareas?activity%5B%5D=Biking&full=true&latitude=39.71854302040816&limit=10&longitude=-104.95596330612246&radius=10
    body:
      encoding: US-ASCII
      string: ''
    headers:
      Apikey:
      - apiKey
      User-Agent:
      - Faraday v2.2.0
      Accept-Encoding:
      - gzip;q=1.0,deflate;q=0.6,identity;q=0.3
      Accept:
      - "*/*"
  response:
    status:
      code: 200
      message: OK
    headers:
      Content-Type:
      - application/json
      Transfer-Encoding:
      - chunked
      Connection:
      - keep-alive
      Server:
      - Server
      Date:
      - Thu, 03 Mar 2022 16:50:24 GMT
      X-Amz-Apigw-Id:
      - Oaq4aGktvHcFx-g=
      X-Amzn-Trace-Id:
      - Root=1-6220f1cf-ae3f78e57b2b4a34118937db;Sampled=0
      Strict-Transport-Security:
      - max-age=31536000; includeSubdomains; always
      Access-Control-Allow-Methods:
      - "*"
      Access-Control-Allow-Origin:
      - "*"
      Cache-Control:
      - max_age=600,public,stale-if-error=3600
      X-Content-Type-Options:
      - nosniff
      X-Frame-Options:
      - SAMEORIGIN
      X-Xss-Protection:
      - 1; mode=block
      Content-Security-Policy:
      - 'child-src ''self'' blob:; connect-src https://www.google-analytics.com https://siteintercept.qualtrics.com
        ''self''; default-src https://manage-cdn.recreation.gov https://manage.recreation.gov
        ''self''; font-src https://manage-cdn.recreation.gov https://manage.recreation.gov
        https://*.manage.recreation.gov https://use.fontawesome.com https://fonts.gstatic.com;
        frame-src https://tagmanager.google.com https://www.googletagmanager.com ''self''
        blob:; img-src https://cdn.recreation.gov https://manage-cdn.recreation.gov
        https://manage.recreation.gov https://*.manage.recreation.gov https://recreation.gov
        https://*.recreation.gov https://www.google-analytics.com ''self'' data:  blob:
        ; media-src https://www.nps.gov https://youtu.be https://www.youtube.com ''self'';
        object-src ''self'' blob: ; script-src https://ridb.recreation.gov https://manage-cdn.recreation.gov
        https://manage.recreation.gov https://*.manage.recreation.gov https://www.google.com/recaptcha/
        https://tagmanager.google.com https://www.googletagmanager.com https://www.google-analytics.com
        https://*.gstatic.com https://mapbox.com https://*.mapbox.com https://cdn.ravenjs.com
        https://recaptcha.net https://sentry.io https://siteintercept.qualtrics.com
        https://*.siteintercept.qualtrics.com ''unsafe-eval'' ''unsafe-inline''; style-src
        https://ridb.recreation.gov https://manage.recreation.gov https://*.manage.recreation.gov
        https://manage-cdn.recreation.gov https://use.fontawesome.com https://tagmanager.google.com
        https://fonts.googleapis.com https://*.mapbox.com https://mapbox.com ''unsafe-inline'';
        worker-src ''self'' blob: ;'
      X-Amzn-Requestid:
      - 4b7b3cad-ca98-446a-ab6d-33a732d8e3cc
      Vary:
      - Accept-Encoding
      X-Cache:
      - Miss from cloudfront
      Via:
      - 1.1 cf1928ef9a9a7bb589a35ead31bcb4ea.cloudfront.net (CloudFront)
      X-Amz-Cf-Pop:
      - DEN52-C1
      X-Amz-Cf-Id:
      - LTQRrMtoLwiEupu01_jQ5ulb3qA81Rrv2_NSfD4nhSOkR1bYeq1qBQ==
    body:
      encoding: ASCII-8BIT
      string: '{"RECDATA":[{"RecAreaID":"285","OrgRecAreaID":"285","ParentOrgID":"130","RecAreaName":"Cherry
        Creek Lake","RecAreaDescription":"Cherry Creek Dam, located at the southeast
        edge of Denver in Aurora, CO, was the first of the three dams to be built
        to protect the Denver region from catastrophic South Platte River floodwaters
        that plagued the area for more than 100 years.  Recreational opportunities
        include camping, fishing, picnicking, an archery/rifle range, a horse stable,
        nature and bike trails, a marina, and a swimming area.  The park is open year-round.","RecAreaFeeDescription":"","RecAreaDirections":"On
        the southeast fringe of Denver off I-225/Parker Road.","RecAreaPhone":"","RecAreaEmail":"","RecAreaReservationURL":"","RecAreaMapURL":"","GEOJSON":{"TYPE":"Point","COORDINATES":[-104.859446,39.649023]},"RecAreaLongitude":-104.859446,"RecAreaLatitude":39.649023,"StayLimit":"","Keywords":"","Reservable":false,"Enabled":true,"LastUpdatedDate":"2021-09-23","ORGANIZATION":[{"OrgID":"130","OrgName":"US
        Army Corps of Engineers","OrgImageURL":"uasce.gif","OrgURLText":"","OrgURLAddress":"http://www.usace.army.mil","OrgType":"Federal
        Agency","OrgAbbrevName":"USACE","OrgJurisdictionType":"State","OrgParentID":"162","LastUpdatedDate":"2018-06-26"}],"FACILITY":[{"FacilityID":"247881","FacilityName":"Cherry
        Creek State Park","ResourceLink":"https://ridb.recreation.gov/api/v1/facilities/247881"}],"RECAREAADDRESS":[{"RecAreaAddressID":"465510","RecAreaID":"285","RecAreaAddressType":"Default","RecAreaStreetAddress1":"9307
        S. Wadsworth Blvd","RecAreaStreetAddress2":"","RecAreaStreetAddress3":"","City":"Littleton","PostalCode":"80128-6901","AddressStateCode":"CO","AddressCountryCode":"USA","LastUpdatedDate":"2015-06-30"}],"ACTIVITY":[{"ActivityID":6,"ActivityParentID":"","RecAreaID":"285","ActivityName":"BOATING","RecAreaActivityDescription":"Boating","RecAreaActivityFeeDescription":""},{"ActivityID":9,"ActivityParentID":"","RecAreaID":"285","ActivityName":"CAMPING","RecAreaActivityDescription":"Camping","RecAreaActivityFeeDescription":""},{"ActivityID":11,"ActivityParentID":"","RecAreaID":"285","ActivityName":"FISHING","RecAreaActivityDescription":"Fishing","RecAreaActivityFeeDescription":""},{"ActivityID":20,"ActivityParentID":"","RecAreaID":"285","ActivityName":"PICNICKING","RecAreaActivityDescription":"Picnic","RecAreaActivityFeeDescription":""},{"ActivityID":25,"ActivityParentID":"","RecAreaID":"285","ActivityName":"WATER
        SPORTS","RecAreaActivityDescription":"Water Sports","RecAreaActivityFeeDescription":""},{"ActivityID":26,"ActivityParentID":"","RecAreaID":"285","ActivityName":"WILDLIFE
        VIEWING","RecAreaActivityDescription":"Wildlife Viewing","RecAreaActivityFeeDescription":""},{"ActivityID":37,"ActivityParentID":"","RecAreaID":"285","ActivityName":"PLAYGROUND
        PARK SPECIALIZED SPORT SITE","RecAreaActivityDescription":"Playground","RecAreaActivityFeeDescription":""},{"ActivityID":38,"ActivityParentID":"","RecAreaID":"285","ActivityName":"OTHER
        RECREATION CONCESSION SITE","RecAreaActivityDescription":"Restaurant/SnackBar","RecAreaActivityFeeDescription":""}],"EVENT":[],"LINK":[{"EntityLinkID":"11e4bb62a8bb5c60da8bb96ee9a55e75","LinkType":"Map","EntityID":"285","EntityType":"RecArea","Title":"Cherry
        Creek Lake Map","Description":"","URL":"http://www.parks.state.co.us/SiteCollectionImages/parks/Parks/Chatfield/ChatfieldAreaMap.pdf"},{"EntityLinkID":"0b42117592f947bd694dffcb565c7ec1","LinkType":"Official
        Web Site","EntityID":"285","EntityType":"RecArea","Title":"Cherry Creek Lake
        Website","Description":"","URL":"https://corpsLakes.erdc.dren.mil/visitors/projects.cfm?ID=G603070"},{"EntityLinkID":"33d60b9776ce7f39bcf8464feed32f17","LinkType":"Other","EntityID":"285","EntityType":"RecArea","Title":"Cherry
        Creek Lake Photo Album","Description":"","URL":"https://corpsLakes.erdc.dren.mil/visitors/album.cfm?Option=View\u0026Activity=None\u0026ID=G603070"}],"MEDIA":[{"EntityMediaID":"326051","MediaType":"Image","EntityID":"285","EntityType":"RecArea","Title":"","Subtitle":"","Description":"","EmbedCode":"","Height":295,"Width":480,"URL":"https://cdn.recreation.gov/public/images/2140.jpg","Credits":"","IsPrimary":false,"IsPreview":false,"IsGallery":true}]},{"RecAreaID":"1583","OrgRecAreaID":"","ParentOrgID":"127","RecAreaName":"Rocky
        Mountain Arsenal National Wildlife Refuge","RecAreaDescription":"Rocky Mountain
        Arsenal National Wildlife Refuge (NWR), located 10 minutes from downtown Denver,
        is nearly 17,000 acres, making it one of the largest urban wildlife refuges
        in the United States. It consists of open lakes, wetlands, prairie grasslands,
        and woodlands. \n\n\n\n\n\nDue to its proximity to Denver, one of the Refuge''s
        primary goals is to provide environmental education programs for urban school
        children. Each year, thousands of visitors come to the Refuge to appreciate
        its wildlife, view the scenic habitat, and learn about native prairie species.
        The Arsenal has been called \"a significant habitat island for wildlife\"
        and \"a place to renew the relationship with nature.\" Popular activities
        include interpretative programs, environmental education, fishing, wildlife
        observation, and photography.","RecAreaFeeDescription":"","RecAreaDirections":"Rocky
        Mountain Arsenal NWR is 10 minutes from downtown Denver and 30 minutes from
        the Rocky Mountain foothills.  It is located in Commerce City, Colorado, a
        Denver suburb located in Adams County.  To get to Rocky Mountain Arsenal NWR
        from downtown Denver, take I-25 north to I-70 east.  Exit at Havana Street
        and head north.  Enter through the South Gate located at 56th Avenue and Havana
        Street.  From Denver International Airport, take Pena Boulevard south to 56th
        Avenue heading west.  Turn north on Havana Street and enter through the South
        Gate.","RecAreaPhone":"303-289-0232","RecAreaEmail":"rockymountainarsenal@fws.gov","RecAreaReservationURL":"","RecAreaMapURL":"","GEOJSON":{"TYPE":"Point","COORDINATES":[-104.847,39.8345]},"RecAreaLongitude":-104.847,"RecAreaLatitude":39.8345,"StayLimit":"","Keywords":"","Reservable":false,"Enabled":true,"LastUpdatedDate":"2020-12-09","ORGANIZATION":[{"OrgID":"127","OrgName":"Fish
        and Wildlife Service","OrgImageURL":"fws.gif","OrgURLText":"","OrgURLAddress":"http://www.fws.gov","OrgType":"Federal
        Agency","OrgAbbrevName":"FWS","OrgJurisdictionType":"State","OrgParentID":"139","LastUpdatedDate":"2018-06-26"}],"FACILITY":[],"RECAREAADDRESS":[{"RecAreaAddressID":"2156","RecAreaID":"1583","RecAreaAddressType":"Default","RecAreaStreetAddress1":"7200
        Quebec Street Bldg 121","RecAreaStreetAddress2":"","RecAreaStreetAddress3":"","City":"Commerce
        City","PostalCode":"80022","AddressStateCode":"CO","AddressCountryCode":"USA","LastUpdatedDate":"2007-03-06"}],"ACTIVITY":[{"ActivityID":8,"ActivityParentID":"","RecAreaID":"1583","ActivityName":"HISTORIC
        \u0026 CULTURAL SITE","RecAreaActivityDescription":"","RecAreaActivityFeeDescription":""},{"ActivityID":10,"ActivityParentID":"","RecAreaID":"1583","ActivityName":"INTERPRETIVE
        PROGRAMS","RecAreaActivityDescription":"","RecAreaActivityFeeDescription":""},{"ActivityID":11,"ActivityParentID":"","RecAreaID":"1583","ActivityName":"FISHING","RecAreaActivityDescription":"","RecAreaActivityFeeDescription":""},{"ActivityID":14,"ActivityParentID":"","RecAreaID":"1583","ActivityName":"HIKING","RecAreaActivityDescription":"","RecAreaActivityFeeDescription":""},{"ActivityID":24,"ActivityParentID":"","RecAreaID":"1583","ActivityName":"VISITOR
        CENTER","RecAreaActivityDescription":"","RecAreaActivityFeeDescription":""},{"ActivityID":26,"ActivityParentID":"","RecAreaID":"1583","ActivityName":"WILDLIFE
        VIEWING","RecAreaActivityDescription":"","RecAreaActivityFeeDescription":""}],"EVENT":[],"LINK":[{"EntityLinkID":"9611d31747205cc50999c68c5a1bdab8","LinkType":"Official
        Web Site","EntityID":"1583","EntityType":"RecArea","Title":"","Description":"","URL":"http://rockymountainarsenal.fws.gov"}],"MEDIA":[{"EntityMediaID":"77f71eef-2c74-46e6-960f-3e2993cc8e4f","MediaType":"Image","EntityID":"1583","EntityType":"RecArea","Title":"Rocky
        Mountain Arsenal National Wildlife Refuge","Subtitle":"","Description":"Rocky
        Mountain Arsenal National Wildlife Refuge","EmbedCode":"","Height":340,"Width":1440,"URL":"https://cdn.recreation.gov/public/2018/09/14/09/56/1583_0f866aa1-4aff-4568-9292-25f29db7d712_1440.jpg","Credits":"John
        Carr - USFWS","IsPrimary":true,"IsPreview":false,"IsGallery":false},{"EntityMediaID":"5a633a2e-8fbd-4d5b-91d4-678958660258","MediaType":"Image","EntityID":"1583","EntityType":"RecArea","Title":"Rocky
        Mountain Arsenal National Wildlife Refuge","Subtitle":"","Description":"Rocky
        Mountain Arsenal National Wildlife Refuge","EmbedCode":"","Height":525,"Width":700,"URL":"https://cdn.recreation.gov/public/2018/09/14/09/56/1583_460f1766-888d-4eea-9082-8e3d99c26b2e_700.jpg","Credits":"John
        Carr - USFWS","IsPrimary":false,"IsPreview":true,"IsGallery":false}]}],"METADATA":{"RESULTS":{"CURRENT_COUNT":2,"TOTAL_COUNT":2},"SEARCH_PARAMETERS":{"QUERY":"","LIMIT":10,"OFFSET":0}}}'
  recorded_at: Thu, 03 Mar 2022 16:50:24 GMT
recorded_with: VCR 6.0.0
